[0m[7CThe [1mMIMICS        [0m[30CHey Ho, Let's Go!
[10C[1m         [0m[3C[1m                    [0m            
[15C      [1m   E       T    E    R    N  [0m[4C           
[12C     [1mA            [0m[5C[1m [0m[4C[1m  [0m      [1m    A    [0m[5C[1m [0m    
[8C   [1m [0m[3C [1m   [0m    [13C[35m\/[37m[12C[1m       M [0m[6C  
[7C   [1;33m\|/[37m [0m[3C[1m  [0m[7C [35mÚ, ,_ , l l  , ,¿[37m[9C[1m       [0m [1;33m\|/[0m    
[6C    [1;33m/|\[0m[7C[35m,[37m[4C[35mÚ,'  Ù'   ; : `À  ' ,Ú[37m[4C[35m Ú,       [37m [1;33m/|\[0m   
[4C       [7C[35m d$bÚ, '`. `.  `  ;  .` .'  .`  g%#$\'           [37m     
[4C       [35m  [37m[7C[35m`$``'*, \  \  ' . \  /[37m[4C[35m..¿*ý'` 7[37m[6C[35m_[1m.,-[0m[5C  
[3C   [1mB[0m    [1;35mýÙ/[0;35m$S#[1m/¿,[0;35m À*/¿. `',  `   . ; '[37m[3C[35m,\ý`  ,*Ù'`[1m.Úg%[0;35mS$$$[1m\[0;35m [1m'[0;35m [37m
[3C   [3C  [35m   [1mg[0;35m$$$$$$$[1m/,[0;35m `À,  7,[37m[6C[35m.[37m[3C[35m,'` ,ó'` [1m,[0;35mÚ1$$$$$$$[1m'[0;35m   [37m[3C[1m E  [0m 
[3C  [1mL[0m[3C  [35m    [1m`À*[0;35mS$$$$$$[1mb,[0;35m `,Ù' [1m_.,,.[0;35m  `. \'  [1m,[0;35md$$$$$$$$[1m\'[0;35m ,$$$[1;30m/[0m   [1m  [0m
[3C        [35m,   ,¿ [1mÙ%[0;35m$$$$$$$$[1m,[0;35m 7 [1m4'`Ù[0;35m  '[1m7[0;35m  j'  [1m,\[0;35m$$$$$$$$$[1m'[0;35m  ,$$$[1;30m'[0;35m [37m [1m L  [0m  
[3C  [1mA[0m[4C [35m'Ù/Ú[1;30m7'[0;35m  [1m,[0;35m$$$$$$$\[1mÙ[0;35m ' [1m`[0;35m [1m`[0;35ml³  j$ 7' [37m[3C[1;35m`$[0;35m$$$$$$$[1ml[0;35m  .$$$[1;30m'[0m[3C[1m  [0m   
[4C[1m   [0m[3C[1;30mÚ[0;35m,$[1;30m'[0m[3C[35m [1m$[0;35m$$$$$$$[1m;[0;35m  [1m,Úg\[0;35mÙ`,.7[1mb,.__[0m[3C[1;35m,[0;35m$$$$$$$$[1m$[0;35m .$$[1;30m7'[0m[5C[1mN[0m [1m [0m  
[5C[1mC[0m[5C[1;30m`'[0;35m$,Ú. [1m'7[0;35m$$$$$$$$/[1m,[0;35m$$$$$$$$$$$$$$$,[1mÚ\[0;35m$$$$$$$$$[1m7[0;35m $$[1;30m7[0;35m  [37m[7C[1m [0m
[3C [1m   [0m[4C[35m_ '7.[1;30m'[0;35m  [1m'7[0;35m$$$$$$$$$$$$$$$$$$$$$$$$$$$$$$³³$S[1m*'[0;35m d$[1;30m7[0;35m [37m[4C[35m [37m [1m I[0m [1m [0m  
[5C[1mK[0m[5C[35mÙ/g`Ù[1;30m.'`[0;35m  [1m`Ù*/S$[0;35m³³³³ [1m/\ /\ /\ /\[0;35m $$$$S*[1mÙ'`[0;35m    $$[1;30m'[0;35m [37m[4C[35m  [37m
[5C[1m   [0m[6C[35m'$/ [1;30m,Ú[0;35m, [37m[6C[1;35m`/[0;35m³ [1m/\ /\ /\ /\[0;35m $[1m,'[0;35m    [37m[5C[35m\$[1;30m'[0m[6C[35m  [1;37m N   [0m 
[4C[1m [0m[8C[35mÚ,[1;30m.[0;35m'7$$7'[37m[3C[1;35m.4[0;35m$$$$ [1m/\ /\ /\ /\[0;35m $$S[1m/,[0m[4C[35mÚ,$$[1;30m,[0;35m [37m[6C[35m  [37m  
[6C[1mJ  [0m [35m [37m[3C[1;30mÙ[0;35m'[1;30m^'7[0;35m$Ú, [1m,d[0;35m$$³³³$ [1m/\ /\ /\ /\[0;35m $$$$$b[1mÚ\[0;35m$$$$'[37m[5C[1m  [0m [1mO[0m  
[7C[1m [0m    [6C[35md$$\Ù[1mý```''`'[0;35mÙSXX$$$$$XXSÙ[1m'``'`[0;35m    [1;30m,[0;35m$`[37m[5C[1m    [0m
[7C[1mA      [0m[6C[1;30m'À[0;35m$,[37m[7C[1;35m,\Ù7ll[0;35mlXX7[1mÙ/,[0m[6C[35m.,d$' [37m[4C[1m  [33m\|/[0m 
[9C[1m [0m  [1m      [0m[4C[1;30m`[0;35mÀ$[1;30m,[0m[5C[35m   [1mÙ'[0;35m [1mÙ[0;35m [1m'Ù[0m[9C[1;30m'ý[0;35mÙ/  [37m      [1;33m/|\[0m
[9C[1mC[0m  [1m      [0m             [10C   [9C[1m      [0m [1mA[0m
[12C[1mK [0m  [1;33m\|/[0m  [1mD              [0m     [4C     [1m      M  [0m
[16C[1;33m/|\[0m[6C[1mR  .   S    H    I    Z    U[0m

[16Cone two three four!
[0m