[0m[1mBlack Jack[0m[48C[1m'..,  ¿ ----+[0m
[1mMIMIC PRODUCTIONS[0m[41C[1m:[0m
[58C[1ml. ''À--  ,[0m [1m  .,Ú[0m
[58C[1m³³[0m
[58C[1ml::Ú,.   . ,[0m
[57C[1m jÙ'``   '[0m
[34C[1m      [0m[17C[1m::. ,  .[0m
[24C[1m            [0m[3C[1m__ . .,,, ¿¿¿¿¿¿:ll,.    _[0m
[22C[1m       .Ú*:lXXXX[0m[22C[1m   [0m [1m.:llllXX[0m[21C[1m     ::lllXXX[0m[21C[1m    [0m  [1m`[0m[25C[1m``^^'' ýýÀÀ **::llXXll::*[0m[78C[1m .[0m[42C[1m_[0m  [1m.[0m[31C[1m  [0m
[37C[1m            .[0m[28C[1m'.[0m[37C[1m             [0m[5C[1m [0m  [1m À$,Úg%#SSS##%gÚ¿[0m [1m;[0m[37C[1m            '.$S#%. [0m [1m.\$$$$$$$$$$$$$$$$$$[0m [1m'[0m[37C[1m          ',d$$$$7  j$$$$$$$$$$$$$$$$$$$$[0m
[12C[1m  [0m[15C[1m            'Úa%#S$$$$$$$l :$$$$$$$$$$$$$$$$$$$$$[0m
[29C[1m           .l$$$$$$$$$ºº³: :lX$$$$$$$$$$$$$$$$$$$[0m
[29C[1m            '7$$\Ù'^```[0m[4C[1m 7llXX$$llXX$$$$$$$$$$[0m
[29C[1m                     [0m[4C[1m Ú, ` // ,;lXX$$$$$$$$$$[0m
[29C[1m                      [0m [1m,d$$$b, [0m  [1m  '  ý[0m [1mÀ$$$$$³$$[0m
[47C[1m    [0m [1m`7³$$$$$/¿,  [0m[3C[1m `/$.[0m [1m `$$[0m
[47C[1m   Ú,.[0m  [1m`'Ùýø'`[0m [1m_,d$/  `$$.[0m [1m $$[0m
[47C[1m    `'Ù .,¿\l$$$$$$$:  l$:[0m [1m:$$[0m
[47C[1m    :l$$$$$³³$$$$$$$$l  ;$$,$$$[0m
[47C[1m    `Àý'^`` $$$$$$$$$:  l$$$$$$[0m
[47C[1m       [0m[3C[1m.j$$$$$$$$$' j$$$$$$$[0m
[29C[1m                           `$$$$$$$$$$7 j$$$$$$$$[0m
[57C[1mj$$$$$$$$$ ,$$$$$$$$$[0m
[26C[1m [0m[28C[1m.\$$$$$$$$\`,$$$$$$$$$$[0m
[16C[1m,¿,[0m[14C[1mÚ,[0m  [1m          [0m[7C[1m,$$$$$$$$$$,d$$$$$$$$$$$[0m
[7C[1m_[0m[8C[1m `'[0m[3C[1m,[0m  [1m   [0m[5C[1m`' [0m [1m          [0m[7C[1m$$$$$$$$$$$$$$$$$$$$$$³³[0m
[1m'Ù/b,d$$$Úd$$/¿[0m  [1m$$[0m  [1m.$$Ú,.,d$b, ,,    .Úg%/¿ [0m[7C[1m`À/l$$$$SS\\* Ùý''^``[0m
  [1m `$$'`7$'`7$$ .$$.[0m [1mj$7'`'$$'`7$ l$  ,d$7'``' [0m
[3C[1m.$l  $$  ;$$,j$$$b$$'[0m  [1m.l'  l$Ú\$bÚ\$$/. _,\[0m[9C[1m.¿g%%g,[0m[3C[1m.Úaa¿,[0m
[1m _,j$$[0m  [1m'[0m[4C[1m`'Ùý'[0m [1m`'ý'[0m[3C[1m  [0m [1m  '`  `''` 'Ù/SS*Ù[0m  [1m.,[0m[4C[1mj$7'``'[0m  [1m,$7'``'$$b.[0m
[1m [0m[48C[1m4À[0m[4C[1m:$b, _[0m [1m,Ú$l$,__,$`$l[0m
[10C[1mwww.mimic.ca  -- mimic ascii                [0m  [1m`À*/$$\Ù'[0m [1m`Ù**Ù' À'[0m
[0m