[0m[16C__.,,з[11C_.,©*nn©.[14C_.,©*nn©.
[12C_зjввввввв[6C_,зjвввввввввве©.[6C_,зjвввввввввве©
[11Cеввввввъввц _,зjвввввввввввввввввв _,зjввввввввввввввввв
[11Cввввввв вв:евввввввввеы""ввввввввввввввввввеы""ввввввввв
[11Cювввввв╟вв ввввввввве'  Ёввввввввввввввввве'  Ёвввввввве
[11Cцввввввввв©ю©ввввввв    евввввввЬювввввввв    еввввввввЁ
[11Cевввввввеыювеввввввв[5CЬаааааЩ зеввввввв[5CЬааааааЩ
[11C`еввввве  звввввввве[12Cзввввввввввввв
[12C`е╧ввввез.юеввввввЁ[7Cввввввввввввввв[6CЁввввввв
[11Cзеввввввввею евввле'    ,©\ввввввввввввле'    ,©еввввввЁ
[10Cевввввввею`.©евввввве,©\вввввввввввввввввве,©\вввввввввве
[9C╢вввввею`  ыевввввввввввввввввввввввыеввввввввввввввве\ю'
[9Cвввею`[7C'ые'ыевввввввве\ввввввв  'ыевввввввве\ю'
[9C`а'[16C'ыеве\ю'  ввввввв[5C'ыеве\ю'    steve/mkk
[31C'[21C'
