     .                                                 
     :                                                                     Ý
     |                                                                     Ý
     ³                                                                     Û
     ³                                                                     Û
    .³.                                                                    Û
    ³³³                                                                   ÚÛ
 Ü ÜÛ³ÛÜÜÜÜÜÜÜÜÜÜÜÜÜÜÄÄÄÄÄÄÄÄÄÄÄÄÄÄÄÄÄÄÄÄÄÄÄÄÄÄÄÄÄÄÄÄÄÄÄÄÄÄÄÄÄÄÄÄÄÄÄÄÄÄÄÄÄ³Û -Ä
    À³Ù                                                                   ÀÛ
     ³-                                                                    Û
     ³                                                                     Û
     ³                                                                     Û
     ³                                                                     Û
     ³                                                                     Û
     ³                                                                     Û
     ³                                                                     Û
     ³.                                                                    Û
    .³|                                                                    Û
    ³³³                                                                   ÚÛ
 Ü  Ü³ÜÜÜÜÜÜÜÜÜÜÜÜÜÜÜÄÄÄÄÄÄÄÄÄÄÄÄÄÄÄÄÄÄÄÄÄÄÄÄÄÄÄÄÄÄÄÄÄÄÄÄÄÄÄÄÄÄÄÄÄÄÄÄÄÄÄÄÄ³Û Ä
     |           layout by: Eboy                                          ÀÜ
     :                                                                     ß
     .                                                                     ß
