[14C___[32m__[9C[37m__[32m___[5C[37m____[32m____[5C[37m.[5C___[32m______[34mxz
---------- [32m___[37m\   [32m/_____ ___[37m\ [32m__/_____[37m\[32m.[6C|_____\____[37m\  [32m_    /[34m--------------
 [37m%% %% %%% [36m\[6C_[5C\\    \|[7C\\    _|\    \\[6C|___/____ [37m%% %% %%%
% %% %% %%% [36m\_   _|[6C_\_    _[6C_\_   \[7C_\___[10C/ [37m% %% %%% %
%% %% %% %%% [36m/[33m___[36m\|[5C/_//____|[5C/_//____|[5C/_//_____[5C_/ [37m% %% %%% %%
[34m-----([1mnews[0;34m)-------[33m|______\[34m------[33m|______\[34m------[33m|______\[34m-----[33m//_____[36m\[34m-------------
