[0;40;37m
[9C_:__ ___[1;34m _________ [0m__[1;34m _______ [0m__[1;34m _________ [0m_[1;34m ________[0m ___ __|_
[10C|[6C[1;34m_\   _    \__/   ___/____\[5C__/ _/   ____/[0m_[6C|scr
[7C_ _|_   [36m_/[5C/[5C/\    ____/    \[5C\__\_____[5C\_[37m   _|_ _
[8C\\|    [36m\[5C/[5C/[5C/   \_[5C\[5C\_[5C/[6C/[37m    |//
[10C\    [36m \___/[5C/\    /[5C/[5C/\[5C/    /   ___/ [37m    /
[9C_|\_ ____ [36m/________\________/\_____/\____/\________\[37m ____ _/|_
[10C|[58C:
