[0;40;37m[14C___[32m__[37m[9C__[32m___[37m[5C____[32m____[37m[5C.[5C___[32m______[34mxz
[37m[11C[32m___[37m\   [32m/_____ ___[37m\ [32m__/_____[37m\[32m.[37m[6C[32m|_____\____[37m\  [32m_    /
[34m [37m%  %% % % [36m\[37m[6C[36m_[37m[5C[36m\\    \|[37m[7C[36m\\    _|\    \\[37m[6C[36m|___/____ [37m%% %% % %
  %  %  %%% [36m\_   _|[37m[6C[36m_\_    _[37m[6C[36m_\_   \[37m[7C[36m_\___[37m[10C[36m/ [37m%%%  %
%   % %% %%% [36m/[33m___[36m\|[37m[5C[36m/_//____|[37m[5C[36m/_//____|[37m[5C[36m/_//_____[37m[5C[36m_/[37m %% % % %
[5C[34m([1mnews[0;34m)-------[33m|______\[34m------[33m|______\[34m------[33m|______\[34m-----[33m//_____[36m\
