[0;40;37m[13C//\____    _____[6C_____    _____  ____   _____[6C_____    ___/\\  xz
__ ________ __\[36m   ¬/_ __\  ¬(__.___) __/__ _)  ¬/__\__( __\  ¬(__ ___) __/__._) __[37m/____ ________ __
[36m\\ \\\\\\\\ \_  __   \\_   __  \\_    ___/\_    \\_    \\_   __  \\_    ___/\_   __  _/ //////// //
__ ________ _/  |/    _/   |/   _/    |/  _/[37m[5C[36m_/[37m[5C[36m_/   |/   _/    |/  _/   |/  \_ ________ __
\\ \\\\\\\\ \_________\____|____\_________\______\______\____|____\_________\____|____/ //////// //
[37m[15C[35m* >  x / 8 4   i n t e r b b s   o n e l i n e r s   s c r i p t  < *
[31m---------------------------------------------------------------------------------------------------
