                     млн
                    ллВ
    ммммллнмм      лллн
 АппВлллллллллм   ллллн
      пполлллпВл олплл
         ппллнонлВолл  ммммоллмм
             пплмллп млВплллллллллпА
     ммоллллллпплллпплммллллллллВп
   олллллллпм млнВлном пппппп
    Влллп  мнлллмллл лллм
     пн  ол ллллллллнолллл
      пА лноллллллллнплллллмА
        лл  лллллллл   пплВ
        лВ   АпполВ
       олн
       ллн mekka / symposium 1997
       ллА
       лл  ansi - compo - entries
