[15C[1;30m.------------------------------------------------.
[13C.-' [0;35m$$ [1;37m$$$$ [0;35m$ [1;37m$$ý'[0m.s@SýSs.[35m`$$$$$$$$$ýýýýýýýýý$$$$$ [1;30m`-.
[13C| [37me [0;35m$$ [1;37m$$$$ [0;35m$ [1;37m$'[0m.$$ý'[35m_.[37m`$$ [35mýýýýýýýý$ [37m$$$ù~ýS@s.[35m`$$ [1;37mi [30m|
[13C| [37md [0;35m$$ [1;37m$$$$ [0;35m$ [1;37m$.[0m`$$s,._ ý'[1m,$$ù~"ýS@s,.[0m`$ [35m$. [37m$$$ [35m$$ [1;37mn [30m|
[13C| [37mi [0;35m$$ [1;37m$$$$ [0;35m$ [1;37m$$b [0mù~"ýS@s.[1m`ý$ [0;35møýú[1;37m`ý$$$ [0m$ [35m$' [37m$$$ [35m$$ [1;37mf [30m|
[13C| [37mt [0;35m$$ [1;37m$ZB! [0;35m$ [1;37m$$$ [0;35m'[37m.s [35m_[37m`ý$$.[1m`$Ùýø"^~ùù[0m-$.,sS$Ù'[35m,$$ [1;37mo [30m|
[13C| [37mo [0;35m$$.[1;37m`ýS$,.s$$$ [0m$$'[35m.' [37m,$$'[1m,$_.,sS$$$ [0m$`À$$$s.[35m`$$ [1;30m.-'
[13C`-X [0;35m$$$$Ss.[1;37mù~^ø"ý [0m`ýSsSÙýø[1;30m,[37m`ýÁS$$SÁýø'[0m,$  $$$$$ [35m$$ [1;30m|
[14C-|--------------------+---------------------------|
