[0;40;37m[6C[32m_ ___[13C_ ___
[37m [36m+---[37m [32m__)  |______[7C_)_/__[33m [36m-----------------+
[37m [36m|[37m   [32m |   _|[5C/_______\    | [37m    [33m            [37m [36m|
[37m [36m|[33mpO![32m//___|//  !   |  !   \___\\[37m    [33m  userlist  [37m [36m|
[37m [36m+--------[32m|________\\______\[36m---------------------+
