   [0m|[71C|[1;30m°
  °[0m|[71C|[1;30m°
  °[37m|[0m[71C[1m|
   [0m|[71C|
   |[71C|
   |[71C|
   |[71C|
   [1;30m|[0m[71C[1;30m|°
  °[0m|[71C|
  [1;30m°[37m|[0m[71C[1m|
[0m<-[1m+Á--ÄÄÄ----+-[0m---[1;30m--[0m--[1mÂ[0m+-[1;30m--ÄÄÄÄÄÄ---[0m----ÄÄÄ[1mÄ-[0m--[1m-Ä--[0m-Ä-+--[1;30m-[0mÂ--[1;30m-----+-------[0m-Á-[1;30mÄ>
[0m[16C[1;30m-[0m-[1m-Â--Ù[0m[33C[1mÚÄ[0mÁ-[1;30m([0m             [1;30m)   °°[0m[19C:
