[33m      ﬁ[1;43m≤‹˛∞[0;33mﬂﬂﬂﬂ∞∞∞[37m
       [1;33;43m∞[37;40m€[33;43m›[0;33m±[37m
[33m     ∞∞∞[1;43mﬁ›˛[0m
[33m   ∞∞  ∞≤∞∞[37m
[33m    ∞‹±±[1;43mﬁ›[0;33mﬁ[37m
[33m        ∞∞∞[37m
[33m    ∞‹±±[1;43mﬁ›[0;33mﬁ[37m
[33m   ∞±±±≤[1;43mﬁ›[0m [33m›[37m
[33m   ∞∞∞±≤[1;43mﬁ±[0m
[33m    ∞±≤[1;43mﬁ[0;33m›[37m
[33m    ∞∞±[1;43m∞[0m
[33m   ∞∞  ∞≤∞∞[37m
[33m        ∞∞∞[37m
[33m        ›[37m
