[0;40;37m[9C[32m_ ___[13C_ ___
[37m    [36m+---[37m [32m__)  |______[7C_)_/__[33m [36m--------------------------------------+
[37m    [36m|[37m   [32m…|   _|[5C/_______\    |…[37m    [33m…  b l o o d   i s l a n d  …    [37m [36m|
[37m    [36m|[33mpO![32m//___|//  !   |  !   \___\\[37m    [33m    …  u s e r l i s t  …[8C[37m [36m|
[37m [36m+--+--------[32m|________\\______\[36m--------------------------+---------------+--+
[37m [36m|[37m  [35mhandle[37m[7C[1m [0m[12C[36m|[37m [35mlocation[37m[17C[36m|[37m [1m [0;35mlast connection [36m|
[37m [36m+----------------------------+--------------------------+------------------+
